{"schema_version":1,"account":{"email":"user@example.com","sign_in_methods":[{"label":"user@example.com","provider":"auth0"},{"label":"user@example.com","provider":"auth0"},{"label":"example-user","provider":"github"},{"label":"example-org-user","provider":"github"},{"label":"user@example.com","provider":"google-oauth2"},{"label":"twitch:example-user","provider":"oauth2"}],"user_id":12345},"status":{"auto_renew":true,"bonus_requests":3000,"paid_till":"2028-10-01","plan":{"extra_price_cents_per_1000":500,"id":1,"included_requests":1000,"monthly_price_cents":500,"name":"Indie"},"status":"active"}}
