DATE        KIND                     AMOUNT   STATUS
2026-10-08  subscription start       $850.00  unpaid
2026-10-07  subscription start       $450.00  unpaid
2026-09-19  subscription start       $450.00  unpaid
2026-09-19  subscription start       $450.00  unpaid
2026-09-19  subscription start       $850.00  unpaid
2026-09-13  subscription start       $850.00  unpaid
2026-08-20  bonus requests purchase  $5.00    unpaid
2026-08-08  streams                  $270.00  unpaid
2026-08-07  streams                  $270.00  unpaid
2026-08-07  streams                  $270.00  unpaid
2026-07-20  bonus requests purchase  $5.00    unpaid
2026-06-26  bonus requests purchase  $5.00    unpaid
2025-07-16  streams                  $1.00    unpaid
2025-07-14  streams                  $270.00  unpaid
2025-05-13  subscription start       $100.00  unpaid
2025-01-08  streams                  $270.00  paid
2024-12-29  subscription start       $450.00  unpaid
2024-12-29  subscription start       $450.00  unpaid
2024-12-20  subscription start       $800.00  unpaid
2024-12-20  subscription start       $450.00  unpaid
