{"schema_version":1,"plans":[{"extra_price_cents_per_1000":500,"included_requests":1000,"monthly_price_cents":500,"name":"Indie","plan":"indie_plan_outside"},{"extra_price_cents_per_1000":450,"included_requests":100000,"monthly_price_cents":45000,"name":"Startup","plan":"startup_plan"},{"extra_price_cents_per_1000":425,"included_requests":200000,"monthly_price_cents":85000,"name":"Pro","plan":"pro_plan"}]}
