{"schema_version":1,"type":"login_pending","method":"device","verification_uri":"https://dashboard.example/device","verification_uri_complete":"https://dashboard.example/device?user_code=KNRV-ZDHL","user_code":"KNRV-ZDHL","expires_in_seconds":900,"interval":5,"message":"Ask the user to open verification_uri_complete (or verification_uri and enter user_code), check that the page shows user_code, and approve. This command keeps waiting and prints the result when they approve."}
