Warriors
Imagine Dragons
Warriors · Universal Music · 2014

https://lis.tn/Warriors

ISRC        USUM71414186
UPC         00602547034463
Released    2014-09-18
Timecode    00:40
Score       100
Apple Music https://music.apple.com/us/album/warriors/1440831203?i=1440831624
Spotify     spotify:track:1lgN0A2Vki2FTON5PYq42m
