[1 Recent]  2 Jobs   3 Streams   4 Usage                                                 audd browse
\e[20C   /music/warriors.mp3           
\e[20C                                 
\e[20C   Warriors                      
\e[20C   Imagine Dragons               
\e[20C   Warriors · KIDinaKORNER · 2014
\e[20C                                 
\e[20C   https://lis.tn/Warriors       
\e[20C                                 
\e[20C   ISRC        USUM71414186      
\e[20C   UPC         00602547034463    
                       Released    2014-09-18        
                                                     
                                                     
                                                     
                                                     
                                                     
                                                     
                                                     
                                                     
                                                     
                                                     
                                                     
                                                     
                                                     
                                                     
                                                     
                                                     
Recognized with audd · 3
esc back  ↑/↓ scroll  o open  c copy link  i ISRC  u UPC  q quit