 1 Recent  [2 Jobs]  3 Streams   4 Usage                                                 audd browse
  #      State     Input                           Result
> 1      done      a.mp3                           Massive Attack — Teardrop
  2      done      mix.mp3                         2 matches
  3      failed    c.mp3                           Error: the connection was reset after upload























Job k3x9 · 3
↑/↓ move  enter open  / filter  o open  c copy  r resume  R retry failed  e export  tab next  ? hel…