 1 Recent   2 Jobs  [3 Streams]  4 Usage                                                 audd browse
  ID    Health               Latest song                 When               URL
> 1     Live                 Imagine Dragons — Warriors  ended 1 min ago    https://radio.example…
  2     Live                 Nina Simone — Feeling Good  ended 21 min ago   https://radio.example…
  3     Can't connect (650)  Portishead — Roads          ended 3 h ago      https://radio.example…























Streams · 3
↑/↓ move  enter open  / filter  o open  c copy  a add  d remove  u set URL  e export  tab next  ? h…