[1 Recent]  2 Jobs   3 Streams   4 Usage                                                 audd browse
  When          Song                            Album                     Source
> Oct 08 11:00  Imagine Dragons — Warriors      Warriors                  warriors.mp3
  Oct 08 10:00  No match                                                  https://audd.tech/examp…
  Oct 08 09:00  2 matches                                                 mix.mp3























Recognized with audd · 3
↑/↓ move  enter open  / filter  o open  c copy  e export  tab next  ? help  q quit