AudD  ·  profile default  ·  signed out
                 │ Welcome to AudD
 1 Recognize     │ 
 2 Now playing   │ audd recognizes music in files, URLs, and from the
 3 Streams       │ microphone, monitors streams, and manages your account. To
 4 History       │ start, choose how audd gets your API token:
 5 Account       │ 
 6 Settings      │ › Sign in
 7 Help          │     Sign in to your AudD account in the browser (or with a
                 │     code on another device). audd saves your API token.
                 │ 
                 │   Paste an API token
                 │     Use the API token from your dashboard at
                 │     https://dashboard.audd.io.
                 │ 
                 │   Try with the test token
                 │     The public test token: 10 requests a day, standard
                 │     endpoint only. Nothing is saved.
                 │ 
                 │ You can also look around first: the sections on the left work
 ctrl+k commands │ once a token is set.
 ? keys  q quit  │ 
↑/↓ choose  enter go
$ audd login --browser                                                    y copy