AudD  ·  profile default
                 │ [Recent]  Jobs 
 1 Recognize     │   When          Song                             Album                     Source
 2 Listen        │ > Oct 08 11:00  Imagine Dragons — Warriors       Warriors                  warriors.mp3
 3 Now playing   │   Oct 08 10:00  No match                                                   https://audd.tech/examp…
 4 Streams       │   Oct 08 09:00  2 matches                                                  mix.mp3
*5 History       │ 
 6 Account       │ 
 7 Settings      │ 
 8 Help          │ 
                 │ 
                 │ 
                 │ 
                 │ 
                 │ 
                 │ 
                 │ 
                 │ 
                 │ 
                 │ 
                 │ 
                 │ 
                 │ 
                 │ 
                 │ 
                 │ 
                 │ 
                 │ 
                 │ 
                 │ 
                 │ 
                 │ 
                 │ 
                 │ 
                 │ 
                 │ 
 ctrl+k commands │ 
 ? keys  q quit  │ Recognized with audd · 3
↑/↓ move  enter open  / filter  o open  c copy  e export  tab next
$ audd browse --tab recent                                                                                        y copy