AudD  ·  profile default
                 │ [Streams]  Callback   Recorder   History & reports 
 1 Recognize     │   ID    Health               Latest song                  When               URL
 2 Listen        │ > 1     Live                 Imagine Dragons — Warriors   ended 1 min ago    https://radio.example…
 3 Now playing   │   2     Live                 Nina Simone — Feeling Good   ended 21 min ago   https://radio.example…
*4 Streams       │   3     Can't connect (650)  Portishead — Roads           ended 3 h ago      https://radio.example…
 5 History       │ 
 6 Account       │ 
 7 Settings      │ 
 8 Help          │ 
                 │ 
                 │ 
                 │ 
                 │ 
                 │ 
                 │ 
                 │ 
                 │ 
                 │ 
                 │ 
                 │ 
                 │ 
                 │ 
                 │ 
                 │ 
                 │ 
                 │ 
                 │ 
                 │ 
                 │ 
                 │ 
                 │ 
                 │ 
                 │ 
                 │ 
                 │ 
 ctrl+k commands │ 
 ? keys  q quit  │ Streams · 3
↑/↓ move  enter open  / filter  o open  c copy  a add  d remove  u set URL  e export  [ ] pages
$ audd streams list                                                                                               y copy