AudD  ·  profile default
                 │ Identify the music playing near you
 1 Recognize     │ 
*2 Listen        │   Seconds  10
 3 Now playing   │   Device   ‹ default ›
 4 Streams       │   [ ] Add Apple Music data
 5 History       │   [ ] Add Spotify data
 6 Account       │   [ ] Add Deezer data
 7 Settings      │   [ ] Add MusicBrainz data
 8 Help          │ 
                 │   [>Listen<]
                 │ 
                 │ 
                 │ 
                 │ 
                 │ 
                 │ 
                 │ 
                 │ 
                 │ 
                 │ 
                 │ 
                 │ 
                 │ 
                 │ 
                 │ 
                 │ 
                 │ 
                 │ 
                 │ 
                 │ 
                 │ 
                 │ 
                 │ 
                 │ 
                 │ 
 ctrl+k commands │ 
 ? keys  q quit  │ 
↑/↓ field  space toggle  enter listen
$ audd listen                                                                                                     y copy