AudD  ·  profile default
                 │ Now playing                                     stream 1 of 3
 1 Recognize     │ 
*2 Now playing   > ┏━━━━━━━━━━━━━━━━━━━━━━━━━━━━━━━━━━━━━━━━━━━━━━━━━━━━━━━━━━━┓
 3 Streams       │ ┃ Stream 1                                                  ┃
 4 History       │ ┃ JUST PLAYED · ended 1 min ago                             ┃
 5 Account       │ ┃ Warriors                                                  ┃
 6 Settings      │ ┃ Imagine Dragons                                           ┃
 7 Help          │ ┃ Warriors (album) · Label · 2019                           ┃
                 │ ┃ played 2:50                                               ┃
                 │ ┗━━━━━━━━━━━━━━━━━━━━━━━━━━━━━━━━━━━━━━━━━━━━━━━━━━━━━━━━━━━┛
                 │ ╭───────────────────────────────────────────────────────────╮
                 │ │ Stream 2                                                  │
                 │ │ LAST PLAYED · ended 21 min ago                            │
                 │ │ Feeling Good                                              │
                 │ │ Nina Simone                                               │
                 │ │ Feeling Good (album) · Label · 2019                       │
                 │ │ played 3:50                                               │
                 │ ╰───────────────────────────────────────────────────────────╯
                 │ 
 ctrl+k commands │ 
 ? keys  q quit  │ 
←/esc back  ←/→/↑/↓ select  enter zoom  o open  c copy link  h history
$ audd now-playing                                                        y copy