AudD  ·  profile default
                 │ audd streams add  Add a stream to monitor
 1 Recognize     │ 
 2 Now playing   │ › url*                                                                                              
 3 Streams       │   --id*   ·
 4 History       │   [ ] --start
 5 Account       │ 
 6 Settings      │   [ Run ]
 7 Help          │ 
                 │ * required. The command runs as shown at the bottom; it asks here before anything that needs a
                 │ confirmation.
                 │ 
                 │ 
                 │ 
                 │ 
                 │ 
                 │ 
                 │ 
                 │ 
                 │ 
                 │ 
                 │ 
                 │ 
                 │ 
                 │ 
                 │ 
                 │ 
                 │ 
                 │ 
                 │ 
                 │ 
                 │ 
                 │ 
                 │ 
                 │ 
                 │ 
 ctrl+k commands │ 
 ? keys  q quit  │ 
↑/↓ field  space toggle  enter next / run  esc back
$ audd streams add '<url>'                                                                                        y copy