AudD  ·  profile default
                 │ [Account]  Usage   Billing   API token   Profiles 
 1 Recognize     │ Sign in to see this
 2 Listen        │ 
 3 Now playing   │ Your account, usage, and billing need a sign-in to your AudD
 4 Streams       │ account.
 5 History       │ 
*6 Account       │ › Sign in
 7 Settings      │     Sign in to your AudD account in the browser (or with a
 8 Help          │     code on another device). audd saves your API token.
                 │ 
                 │ 
                 │ 
                 │ 
                 │ 
                 │ 
                 │ 
                 │ 
                 │ 
                 │ 
 ctrl+k commands │ 
 ? keys  q quit  │ 
↑/↓ choose  enter go  [ ] pages
$ audd login --browser                                                    y copy