AudD  ·  profile default
                 │  Streams  [Callback]  Recorder   History & reports 
 1 Recognize     │ Callback URL: https://audd.tech/empty/
 2 Now playing   │ 
*3 Streams       >   Callback URL  https://audd.tech/empty/
 4 History       │   [ ] Add Apple Music data
 5 Account       │   [ ] Add Spotify data
 6 Settings      │   [ ] Add Deezer data
 7 Help          │   [ ] Add MusicBrainz data
                 │ 
                 │   [ Set ]  [ Use the placeholder ]
                 │ Press enter to fill this in.
                 │ 
                 │ 
                 │ 
                 │ 
                 │ 
                 │ 
                 │ 
                 │ 
 ctrl+k commands │ 
 ? keys  q quit  │ 
esc back  enter change it  ←/→ [ ] pages
$ audd streams callback get                                               y copy