AudD  ·  profile default
                 │ Recognize music in a file, URL, or folder
*1 Recognize     │ 
 2 Listen        │ › Input*                                                                                            
 3 Now playing   │              A file, URL, folder, or glob. ctrl+o picks a file.
 4 Streams       │   [ ] Add Apple Music data
 5 History       │   [ ] Add Spotify data
 6 Account       │   [ ] Add Deezer data
 7 Settings      │   [ ] Add MusicBrainz data
 8 Help          │   [ ] Enterprise: scan the whole file
                 │   Max files  ·
                 │   Clip at    ·
                 │   [ ] Send even if cached
                 │ 
                 │   [ Recognize ]  [ Show the plan ]
                 │ 
                 │ 
                 │ 
                 │ 
                 │ 
                 │ 
                 │ 
                 │ 
                 │ 
                 │ 
                 │ 
                 │ 
                 │ 
                 │ 
                 │ 
                 │ 
                 │ 
                 │ 
                 │ 
                 │ 
                 │ 
 ctrl+k commands │ 
 ? keys  q quit  │ 
↑/↓ field  space toggle  ctrl+o pick a file  enter next / press  esc sidebar
$ audd recognize '<file>'                                                                                         y copy