AudD  ·  profile default
                 │ [Account]  Usage   Billing   API token   Profiles 
 1 Recognize     │ Sign in to see this
 2 Listen        │ 
 3 Now playing   │ Your account, usage, and billing need a sign-in to your AudD account.
 4 Streams       │ 
 5 History       │ › Sign in
*6 Account       │     Sign in to your AudD account in the browser (or with a code on another device). audd saves your
 7 Settings      │     API token.
 8 Help          │ 
                 │ 
                 │ 
                 │ 
                 │ 
                 │ 
                 │ 
                 │ 
                 │ 
                 │ 
                 │ 
                 │ 
                 │ 
                 │ 
                 │ 
                 │ 
                 │ 
                 │ 
                 │ 
                 │ 
                 │ 
                 │ 
                 │ 
                 │ 
                 │ 
                 │ 
                 │ 
 ctrl+k commands │ 
 ? keys  q quit  │ 
↑/↓ choose  enter go  [ ] pages
$ audd login --browser                                                                                            y copy