AudD  ·  profile default
                 │  Getting started  [Guide]  Commands   Keys   Exit codes and output   Links 
 1 Recognize     │   Install                 │ AUDD CLI
 2 Now playing   │   Sign in                 │ 
 3 Streams       │   Interactive mode        │ audd recognizes music in files, URLs, folders, long recordings, and from
 4 History       │   Recognize music         │ the microphone; monitors streams; and manages your AudD account. It
 5 Account       │     Whole recordings (ent…│ prints tables on a terminal and JSON when its output is piped.
 6 Settings      │     Folders, globs, and l…│ 
*7 Help          │     Results cache         │ Get your API token at https://dashboard.audd.io, or run audd login.
                 │   Limits and confirmations│ 
                 │   Streams                 │ Install
                 │     Background recorder   │ 
                 │     Cover art             │   Where                   Command
                 │   Custom catalog          │   Node.js                 npm install -g @audd/cli
                 │   Account                 │   Python                  pipx install audd-cli or uv tool install
                 │   Output for scripts and …│                           audd-cli
                 │     Exit codes            │   macOS (Homebrew)        brew install auddmusic/tap/audd
                 │   Agents                  │   macOS, Linux (script)   curl -fsSL
                 │   Settings                │                           https://github.com/AudDMusic/audd-cli/releases…
                 │   Updates and privacy     │                           | sh
                 │                           │   Windows (Scoop)         scoop bucket add auddmusic
                 │                           │                           https://github.com/AudDMusic/scoop-bucket then
                 │                           │                           scoop install auddmusic/audd
                 │                           │   Windows (installer)     download and run
                 │                           │                           https://github.com/AudDMusic/audd-cli/releases…
                 │                           │                           (or
                 │                           │                           https://github.com/AudDMusic/audd-cli/releases…
                 │                           │                           on ARM); it adds audd to your PATH
                 │                           │   Go                      go install
                 │                           │                           github.com/AudDMusic/audd-cli/cmd/audd@latest
                 │                           │   Any system              download an archive from
                 │                           │                           https://github.com/AudDMusic/audd-cli/releases
                 │                           │                           and put audd on your PATH
                 │                           │ 
                 │                           │ The install script puts audd in ~/.local/bin and checks the download
                 │                           │ against the release's checksums.
 ctrl+k commands │                           │ 
 ? keys  q quit  │ 9%
↑/↓ pgdn scroll  / search  n N next, previous  { } headings  [ ] pages
$ audd docs cli                                                                                                   y copy