AudD  ·  profile default
                 │ Recognize music in a file, URL, or folder
*1 Recognize     │ 
 2 Now playing   │   Source     ‹ File, URL, or folder ›
 3 Streams       │ › Input*                                                    
 4 History       │              A file, URL, folder, or glob. ctrl+o picks a
 5 Account       │              file.
 6 Settings      │   [ ] Add Apple Music data
 7 Help          │   [ ] Add Spotify data
                 │   [ ] Add Deezer data
                 │   [ ] Add MusicBrainz data
                 │   [ ] Enterprise: scan the whole file
                 │   Max files  ·
                 │   Clip at    ·
                 │   [ ] Send even if cached
                 │ 
                 │   [ Recognize ]  [ Show the plan ]
                 │ 
                 │ 
                 │ 
 ctrl+k commands │ 
 ? keys  q quit  │ 
↑/↓ field  space toggle  ctrl+o pick a file  enter next / press  esc sidebar
$ audd recognize '<file>'                                                 y copy