AudD  ·  profile default
                 │ Error: no API token is set
*1 Recognize     │ Try: audd login
 2 Now playing   │ Press enter to open it.
 3 Streams       │ 
 4 History       │ 
 5 Account       │ 
 6 Settings      │ 
 7 Help          │ 
                 │ 
                 │ 
                 │ 
                 │ 
                 │ 
                 │ 
                 │ 
                 │ 
                 │ 
                 │ 
                 │ 
 ctrl+k commands │ 
 ? keys  q quit  │ 
esc back to the form  r run again
$ audd recognize song.mp3                                                 y copy