AudD  ·  profile default
                 │ Now playing                                     stream 1 of 3
 1 Recognize     │ 
 2 Listen        │ ┏━━━━━━━━━━━━━━━━━━━━━━━━━━━━━━━━━━━━━━━━━━━━━━━━━━━━━━━━━━━┓
*3 Now playing   │ ┃ Stream 1                                                  ┃
 4 Streams       │ ┃ JUST PLAYED · ended 1 min ago                             ┃
 5 History       │ ┃ Warriors                                                  ┃
 6 Account       │ ┃ Imagine Dragons                                           ┃
 7 Settings      │ ┃ Warriors (album) · Label · 2019                           ┃
 8 Help          │ ┃ played 2:50                                               ┃
                 │ ┗━━━━━━━━━━━━━━━━━━━━━━━━━━━━━━━━━━━━━━━━━━━━━━━━━━━━━━━━━━━┛
                 │ ╭───────────────────────────────────────────────────────────╮
                 │ │ Stream 2                                                  │
                 │ │ LAST PLAYED · ended 21 min ago                            │
                 │ │ Feeling Good                                              │
                 │ │ Nina Simone                                               │
                 │ │ Feeling Good (album) · Label · 2019                       │
                 │ │ played 3:50                                               │
                 │ ╰───────────────────────────────────────────────────────────╯
                 │ 
 ctrl+k commands │ 
 ? keys  q quit  │ 
←/→/↑/↓ select  enter zoom  o open  c copy link  h history
$ audd now-playing                                                        y copy