AudD  ·  profile default  ·  signed out
                 │ Welcome to AudD
 1 Recognize     │ 
 2 Listen        │ audd recognizes music in files, URLs, and from the
 3 Now playing   │ microphone, monitors streams, and manages your account. To
 4 Streams       │ start, choose how audd gets your API token:
 5 History       │ 
 6 Account       │ › Sign in
 7 Settings      │     Sign in to your AudD account in the browser (or with a
 8 Help          │     code on another device). audd saves your API token.
                 │ 
                 │   Paste an API token
                 │     Use the API token from your dashboard at
                 │     https://dashboard.audd.io.
                 │ 
                 │   Try with the test token
                 │     The public test token: 10 requests a day, standard
                 │     endpoint only. Nothing is saved.
                 │ 
                 │ You can also look around first: the sections on the left work
 ctrl+k commands │ once a token is set.
 ? keys  q quit  │ 
↑/↓ choose  enter go
$ audd login --browser                                                    y copy