AudD  ·  profile default
                 │ Error: there are no streams on this account
 1 Recognize     │ Try: audd streams add <url> --id 1
 2 Listen        │ Press enter to open it.
*3 Now playing   │ 
 4 Streams       │ Add a stream in Streams (press 4, then a).
 5 History       │ 
 6 Account       │ r tries again.
 7 Settings      │ 
 8 Help          │ 
                 │ 
                 │ 
                 │ 
                 │ 
                 │ 
                 │ 
                 │ 
                 │ 
                 │ 
                 │ 
 ctrl+k commands │ 
 ? keys  q quit  │ 
r try again
$ audd now-playing                                                        y copy