AudD  ·  profile default
                 │ Error: there are no streams on this account
 1 Recognize     │ Try: audd streams add <url> --id 1
*2 Now playing   > Press enter to open it.
 3 Streams       │ 
 4 History       │ Add a stream in Streams (press 3, then a).
 5 Account       │ 
 6 Settings      │ r tries again.
 7 Help          │ 
                 │ 
                 │ 
                 │ 
                 │ 
                 │ 
                 │ 
                 │ 
                 │ 
                 │ 
                 │ 
                 │ 
 ctrl+k commands │ 
 ? keys  q quit  │ 
←/esc back  r try again
$ audd now-playing                                                        y copy