AudD  ·  profile default
                 │  Streams   Callback  [Recorder]  History & reports 
 1 Recognize     │ Background recorder
 2 Now playing   │ 
*3 Streams       > Running:        yes (pid 4242)
 4 History       │ Store:          /data/streams-default.db
 5 Account       │ 
 6 Settings      │ 
 7 Help          │ 
                 │ 
                 │ 
                 │ 
                 │ 
                 │ 
                 │ 
                 │ 
                 │ 
                 │ 
                 │ 
                 │ 
 ctrl+k commands │ 
 ? keys  q quit  │ 
esc back  s start  x stop  r refresh  ←/→ [ ] pages
$ audd streams recorder status                                            y copy