AudD  ·  profile default  ·  user@example.com · Startup  ·  3,766 requests left
                 │ [Account]  Usage   Billing   API token   Profiles 
 1 Recognize     │ Account         user@example.com
 2 Now playing   │ Plan            Startup, $450.00/month, 100,000 requests included (active)
 3 Streams       │ Paid until      2026-11-01
 4 History       │ 
*5 Account       > 
 6 Settings      │ 
 7 Help          │ 
                 │ 
                 │ 
                 │ 
                 │ 
                 │ 
                 │ 
                 │ 
                 │ 
                 │ 
                 │ 
                 │ 
                 │ 
                 │ 
                 │ 
                 │ 
                 │ 
                 │ 
                 │ 
                 │ 
                 │ 
                 │ 
                 │ 
                 │ 
                 │ 
                 │ 
                 │ 
                 │ 
 ctrl+k commands │ 
 ? keys  q quit  │ 
←/esc back  r refresh  ←/→ [ ] pages
$ audd account                                                                                                    y copy