Now playing                                                                                         

Stream 1  https://radio.example/a.mp3
● NOW PLAYING

Warriors
Imagine Dragons
Warriors (album) · Label · 2019

━━━━━━━━━━━━━━━━━━━━──────────────────── 1:23 / 2:50

https://lis.tn/Warriors

Earlier on this station
11:55  Daft Punk — One More Time


















o open  c copy link  h history  r refresh  ? help  q quit