Now playing                                                                                         

Stream 1  https://radio.example/a.mp3
JUST PLAYED · ended 1 min ago

Warriors
Imagine Dragons
Warriors (album) · Label · 2019

played 2:50

https://lis.tn/Warriors

Earlier on this station
11:51  Daft Punk — One More Time
11:45  Massive Attack — Teardrop













o open  c copy link  h history  r refresh  ? help  q quit