Now playing                                                                            stream 1 of 3

┏━━━━━━━━━━━━━━━━━━━━━━━━━━━━━━━━━━━━━━━━━━━━━━━━┓╭────────────────────────────────────────────────╮
┃ \e[12C  Stream 1                         ┃│ \e[12C  Stream 2                         │\e_audd-eol\e\
┃ \e[12C  JUST PLAYED · ended 1 min ago    ┃│ \e[12C  LAST PLAYED · ended 21 min ago   │\e_audd-eol\e\
┃ \e[12C  Warriors                         ┃│ \e[12C  Feeling Good                     │\e_audd-eol\e\
┃ \e[12C  Imagine Dragons                  ┃│ \e[12C  Nina Simone                      │\e_audd-eol\e\
┃ \e[12C  Warriors (album) · Label · 2019  ┃│ \e[12C  Feeling Good (album) · Label · … │\e_audd-eol\e\
┃ \e[12C  played 2:50                      ┃│ \e[12C  played 3:50                      │\e_audd-eol\e\
┗━━━━━━━━━━━━━━━━━━━━━━━━━━━━━━━━━━━━━━━━━━━━━━━━┛╰────────────────────────────────────────────────╯
╭────────────────────────────────────────────────╮
│ \e[12C  Stream 3                         │
│ \e[12C  Can't connect to the stream (65… │
│ \e[12C  Last heard: Portishead — Roads … │
│ \e[12C                                   │
│ \e[12C                                   │
│ \e[12C                                   │
╰────────────────────────────────────────────────╯











←/→/↑/↓ select  enter zoom  o open  c copy link  h history  ? help  q quit