Now playing                                                                            stream 1 of 3

┏━━━━━━━━━━━━━━━━━━━━━━━━━━━━━━━━━━━━━━━━━━━━━━━━┓╭────────────────────────────────────────────────╮
┃ Stream 1                                       ┃│ Stream 2                                       │
┃ JUST PLAYED · ended 1 min ago                  ┃│ LAST PLAYED · ended 21 min ago                 │
┃ Warriors                                       ┃│ Feeling Good                                   │
┃ Imagine Dragons                                ┃│ Nina Simone                                    │
┃ Warriors (album) · Label · 2019                ┃│ Feeling Good (album) · Label · 2019            │
┃ played 2:50                                    ┃│ played 3:50                                    │
┗━━━━━━━━━━━━━━━━━━━━━━━━━━━━━━━━━━━━━━━━━━━━━━━━┛╰────────────────────────────────────────────────╯
╭────────────────────────────────────────────────╮
│ Stream 3                                       │
│ Can't connect to the stream (650)              │
│ Last heard: Portishead — Roads · 3 h ago       │
│                                                │
│                                                │
│                                                │
╰────────────────────────────────────────────────╯











←/→/↑/↓ select  enter zoom  o open  c copy link  h history  ? help  q quit