Now playing                                                                                         

\e[28C   Stream 1  https://radio.example/a.mp3
\e[28C   JUST PLAYED · ended 1 min ago        
\e[28C                                        
\e[28C   Warriors                             
\e[28C   Imagine Dragons                      
\e[28C   Warriors (album) · Label · 2019      
\e[28C                                        
\e[28C   played 2:50                          
\e[28C                                        
\e[28C   https://lis.tn/Warriors              
\e[28C                                        
\e[28C                                        
\e[28C                                        
\e[28C                                        

Earlier on this station
11:51  Daft Punk — One More Time
11:45  Massive Attack — Teardrop









o open  c copy link  h history  r refresh  ? help  q quit