Stream 1  https://radio.example/a.mp3
● Now playing · 1:23 / 2:50
Warriors
Imagine Dragons
Warriors (album) · Label · 2019

https://lis.tn/Warriors

Earlier on this station
  11:55  Daft Punk — One More Time

Stream 2  https://radio.example/b.mp3
Just played · played 3:20 of 3:50 · ended 2 min ago
Feeling Good
Nina Simone
Feeling Good (album) · Label · 2019

https://lis.tn/FeelingGood

Stream 3  https://radio.example/c.mp3
Can't connect to the stream (650)
Last played · played 5:00 of 5:00 · ended 2 h ago
Roads
Portishead
Roads (album) · Label · 2019

https://lis.tn/Roads
