Now playing                                                                                         

Stream 1  https://radio.example/a.mp3
● NOW PLAYING · 1:23

Warriors
Imagine Dragons
Warriors (album) · Label · 2019

https://lis.tn/Warriors

Earlier on this station
11:55  Daft Punk — One More Time
11:49  Massive Attack — Teardrop



















o open  c copy link  h history  r refresh  ? help  q quit