Now playing                                                                                         

\e[38;2;18;53;1m􎻮̅̅􎻮̅̍􎻮̅̎􎻮̅̐􎻮̅̒􎻮̅̽􎻮̅̾􎻮̅̿􎻮̅͆􎻮̅͊􎻮̅͋􎻮̅͌􎻮̅͐􎻮̅͑􎻮̅͒􎻮̅͗􎻮̅͛􎻮̅ͣ􎻮̅ͤ􎻮̅ͥ􎻮̅ͦ􎻮̅ͧ􎻮̅ͨ􎻮̅ͩ􎻮̅ͪ􎻮̅ͫ􎻮̅ͬ􎻮̅ͭ\e[39m   Stream 1  https://radio.example/a.mp3
\e[38;2;18;53;1m􎻮̍̅􎻮̍̍􎻮̍̎􎻮̍̐􎻮̍̒􎻮̍̽􎻮̍̾􎻮̍̿􎻮̍͆􎻮̍͊􎻮̍͋􎻮̍͌􎻮̍͐􎻮̍͑􎻮̍͒􎻮̍͗􎻮̍͛􎻮̍ͣ􎻮̍ͤ􎻮̍ͥ􎻮̍ͦ􎻮̍ͧ􎻮̍ͨ􎻮̍ͩ􎻮̍ͪ􎻮̍ͫ􎻮̍ͬ􎻮̍ͭ\e[39m   JUST PLAYED · ended 1 min ago        
\e[38;2;18;53;1m􎻮̎̅􎻮̎̍􎻮̎̎􎻮̎̐􎻮̎̒􎻮̎̽􎻮̎̾􎻮̎̿􎻮̎͆􎻮̎͊􎻮̎͋􎻮̎͌􎻮̎͐􎻮̎͑􎻮̎͒􎻮̎͗􎻮̎͛􎻮̎ͣ􎻮̎ͤ􎻮̎ͥ􎻮̎ͦ􎻮̎ͧ􎻮̎ͨ􎻮̎ͩ􎻮̎ͪ􎻮̎ͫ􎻮̎ͬ􎻮̎ͭ\e[39m                                        
\e[38;2;18;53;1m􎻮̐̅􎻮̐̍􎻮̐̎􎻮̐̐􎻮̐̒􎻮̐̽􎻮̐̾􎻮̐̿􎻮̐͆􎻮̐͊􎻮̐͋􎻮̐͌􎻮̐͐􎻮̐͑􎻮̐͒􎻮̐͗􎻮̐͛􎻮̐ͣ􎻮̐ͤ􎻮̐ͥ􎻮̐ͦ􎻮̐ͧ􎻮̐ͨ􎻮̐ͩ􎻮̐ͪ􎻮̐ͫ􎻮̐ͬ􎻮̐ͭ\e[39m   Warriors                             
\e[38;2;18;53;1m􎻮̒̅􎻮̒̍􎻮̒̎􎻮̒̐􎻮̒̒􎻮̒̽􎻮̒̾􎻮̒̿􎻮̒͆􎻮̒͊􎻮̒͋􎻮̒͌􎻮̒͐􎻮̒͑􎻮̒͒􎻮̒͗􎻮̒͛􎻮̒ͣ􎻮̒ͤ􎻮̒ͥ􎻮̒ͦ􎻮̒ͧ􎻮̒ͨ􎻮̒ͩ􎻮̒ͪ􎻮̒ͫ􎻮̒ͬ􎻮̒ͭ\e[39m   Imagine Dragons                      
\e[38;2;18;53;1m􎻮̽̅􎻮̽̍􎻮̽̎􎻮̽̐􎻮̽̒􎻮̽̽􎻮̽̾􎻮̽̿􎻮̽͆􎻮̽͊􎻮̽͋􎻮̽͌􎻮̽͐􎻮̽͑􎻮̽͒􎻮̽͗􎻮̽͛􎻮̽ͣ􎻮̽ͤ􎻮̽ͥ􎻮̽ͦ􎻮̽ͧ􎻮̽ͨ􎻮̽ͩ􎻮̽ͪ􎻮̽ͫ􎻮̽ͬ􎻮̽ͭ\e[39m   Warriors (album) · Label · 2019      
\e[38;2;18;53;1m􎻮̾̅􎻮̾̍􎻮̾̎􎻮̾̐􎻮̾̒􎻮̾̽􎻮̾̾􎻮̾̿􎻮̾͆􎻮̾͊􎻮̾͋􎻮̾͌􎻮̾͐􎻮̾͑􎻮̾͒􎻮̾͗􎻮̾͛􎻮̾ͣ􎻮̾ͤ􎻮̾ͥ􎻮̾ͦ􎻮̾ͧ􎻮̾ͨ􎻮̾ͩ􎻮̾ͪ􎻮̾ͫ􎻮̾ͬ􎻮̾ͭ\e[39m                                        
\e[38;2;18;53;1m􎻮̿̅􎻮̿̍􎻮̿̎􎻮̿̐􎻮̿̒􎻮̿̽􎻮̿̾􎻮̿̿􎻮̿͆􎻮̿͊􎻮̿͋􎻮̿͌􎻮̿͐􎻮̿͑􎻮̿͒􎻮̿͗􎻮̿͛􎻮̿ͣ􎻮̿ͤ􎻮̿ͥ􎻮̿ͦ􎻮̿ͧ􎻮̿ͨ􎻮̿ͩ􎻮̿ͪ􎻮̿ͫ􎻮̿ͬ􎻮̿ͭ\e[39m   played 2:50                          
\e[38;2;18;53;1m􎻮͆̅􎻮͆̍􎻮͆̎􎻮͆̐􎻮͆̒􎻮͆̽􎻮͆̾􎻮͆̿􎻮͆͆􎻮͆͊􎻮͆͋􎻮͆͌􎻮͆͐􎻮͆͑􎻮͆͒􎻮͆͗􎻮͆͛􎻮͆ͣ􎻮͆ͤ􎻮͆ͥ􎻮͆ͦ􎻮͆ͧ􎻮͆ͨ􎻮͆ͩ􎻮͆ͪ􎻮͆ͫ􎻮͆ͬ􎻮͆ͭ\e[39m                                        
\e[38;2;18;53;1m􎻮͊̅􎻮͊̍􎻮͊̎􎻮͊̐􎻮͊̒􎻮͊̽􎻮͊̾􎻮͊̿􎻮͊͆􎻮͊͊􎻮͊͋􎻮͊͌􎻮͊͐􎻮͊͑􎻮͊͒􎻮͊͗􎻮͊͛􎻮͊ͣ􎻮͊ͤ􎻮͊ͥ􎻮͊ͦ􎻮͊ͧ􎻮͊ͨ􎻮͊ͩ􎻮͊ͪ􎻮͊ͫ􎻮͊ͬ􎻮͊ͭ\e[39m   https://lis.tn/Warriors              
\e[38;2;18;53;1m􎻮͋̅􎻮͋̍􎻮͋̎􎻮͋̐􎻮͋̒􎻮͋̽􎻮͋̾􎻮͋̿􎻮͋͆􎻮͋͊􎻮͋͋􎻮͋͌􎻮͋͐􎻮͋͑􎻮͋͒􎻮͋͗􎻮͋͛􎻮͋ͣ􎻮͋ͤ􎻮͋ͥ􎻮͋ͦ􎻮͋ͧ􎻮͋ͨ􎻮͋ͩ􎻮͋ͪ􎻮͋ͫ􎻮͋ͬ􎻮͋ͭ\e[39m                                        
\e[38;2;18;53;1m􎻮͌̅􎻮͌̍􎻮͌̎􎻮͌̐􎻮͌̒􎻮͌̽􎻮͌̾􎻮͌̿􎻮͌͆􎻮͌͊􎻮͌͋􎻮͌͌􎻮͌͐􎻮͌͑􎻮͌͒􎻮͌͗􎻮͌͛􎻮͌ͣ􎻮͌ͤ􎻮͌ͥ􎻮͌ͦ􎻮͌ͧ􎻮͌ͨ􎻮͌ͩ􎻮͌ͪ􎻮͌ͫ􎻮͌ͬ􎻮͌ͭ\e[39m                                        
\e[38;2;18;53;1m􎻮͐̅􎻮͐̍􎻮͐̎􎻮͐̐􎻮͐̒􎻮͐̽􎻮͐̾􎻮͐̿􎻮͐͆􎻮͐͊􎻮͐͋􎻮͐͌􎻮͐͐􎻮͐͑􎻮͐͒􎻮͐͗􎻮͐͛􎻮͐ͣ􎻮͐ͤ􎻮͐ͥ􎻮͐ͦ􎻮͐ͧ􎻮͐ͨ􎻮͐ͩ􎻮͐ͪ􎻮͐ͫ􎻮͐ͬ􎻮͐ͭ\e[39m                                        
\e[38;2;18;53;1m􎻮͑̅􎻮͑̍􎻮͑̎􎻮͑̐􎻮͑̒􎻮͑̽􎻮͑̾􎻮͑̿􎻮͑͆􎻮͑͊􎻮͑͋􎻮͑͌􎻮͑͐􎻮͑͑􎻮͑͒􎻮͑͗􎻮͑͛􎻮͑ͣ􎻮͑ͤ􎻮͑ͥ􎻮͑ͦ􎻮͑ͧ􎻮͑ͨ􎻮͑ͩ􎻮͑ͪ􎻮͑ͫ􎻮͑ͬ􎻮͑ͭ\e[39m                                        

Earlier on this station
11:51  Daft Punk — One More Time
11:45  Massive Attack — Teardrop









o open  c copy link  h history  r refresh  ? help  q quit