Stream 1  https://radio.example/a.mp3
● Now playing · 1:23
Warriors
Imagine Dragons
Warriors (album) · Label · 2019

https://lis.tn/Warriors

Earlier on this station
  11:55  Daft Punk — One More Time
  11:49  Massive Attack — Teardrop

Stream 2  https://radio.example/b.mp3
Last recognized 25 min ago
Feeling Good
Nina Simone
Feeling Good (album) · Label · 2019

https://lis.tn/FeelingGood

Stream 3  https://radio.example/c.mp3
Can't connect to the stream (650)
Last recognized 3 h ago
Roads
Portishead
Roads (album) · Label · 2019

https://lis.tn/Roads
